Loading rhel8/default-amp
  Loading requirement: rhel8/slurm singularity/current rhel8/global cuda/11.4
    libpciaccess/0.16/gcc-9.4.0-6fonbj6 libiconv/1.16/gcc-9.4.0-ahebbov
    libxml2/2.9.12/gcc-9.4.0-gnknt5e ncurses/6.2/gcc-9.4.0-aiirok7
    hwloc/2.5.0/gcc-9.4.0-7sqomga libevent/2.1.12/gcc-9.4.0-hgny7cm
    numactl/2.0.14/gcc-9.4.0-52dwc6n cuda/11.4.0/gcc-9.4.0-3hnxhjt
    gdrcopy/2.2/gcc-9.4.0-e4igtfp knem/1.1.4/gcc-9.4.0-bpbxgva
    libnl/3.3.0/gcc-9.4.0-whwhrwb rdma-core/34.0/gcc-9.4.0-5eo5n2u
    ucx/1.11.1/gcc-9.4.0-lktqyl4 openmpi/4.1.1/gcc-9.4.0-epagguv
Changed directory to /rds/user/av670/hpc-work/NLP-assignment-3/skeleton_code/output.

JobID: 21183543
======
Time: Sat Jan 24 23:17:04 GMT 2026
Running on master node: cpu-q-75
Current directory: /rds/user/av670/hpc-work/NLP-assignment-3/skeleton_code/output

Nodes allocated:
================
cpu-q-75

numtasks=1, numnodes=1, mpi_tasks_per_node=1 (OMP_NUM_THREADS=1)

Executing command:
==================
/home/av670/rds/hpc-work/NLP-assignment-3/skeleton_code/output/hmm-sem-xpos-dir-alpha-0.8/executable.sh 

This job is running on: cpu-q-75
Present working directory: /home/av670/rds/hpc-work/NLP-assignment-3/skeleton_code
Job ID: 21183543
Job start time: Sat Jan 24 23:17:04 GMT 2026
activating venv
running file
